[jenkaz.smallhost.pl/sw.js]
[backblue.gif]
[fade.gif]
[index.html]
[jenkaz.smallhost.pl/manifest.json]
[jenkaz.smallhost.pl/images/roboto_light.ttf]
[jenkaz.smallhost.pl/images/roboto_regular.ttf]
[jenkaz.smallhost.pl/images/roboto_medium.ttf]
[jenkaz.smallhost.pl/images/roboto_medium_italic.ttf]
[jenkaz.smallhost.pl/images/roboto_bold.ttf]
[jenkaz.smallhost.pl/images/roboto_black.ttf]
[jenkaz.smallhost.pl/images/roboto_medium_numbers.ttf]
[jenkaz.smallhost.pl/demObywatel_admin_IGOR_aByw6/index.html]
[jenkaz.smallhost.pl/images/coi_common_ui_ic_mobywatel_logo.svg]
[jenkaz.smallhost.pl/cdnjs.cloudflare.com/ajax/libs/font-awesome/5.15.4/css/all.min.html]
[jenkaz.smallhost.pl/images/coi_common_ic_mobywatel_horizontal_logo_text.svg]
[jenkaz.smallhost.pl/images/auto.png]
[jenkaz.smallhost.pl/demObywatel_admin_IGOR_aByw6/dashboard.html]
[jenkaz.smallhost.pl/images/coi_common_ui_ic_coi_mobywatel_logo.svg]
[jenkaz.smallhost.pl/images/coi_common_ui_ic_mc_mobywatel_logo.svg]
[jenkaz.smallhost.pl/demObywatel_admin_IGOR_aByw6/chrome-extension_/dacdinoicboceafielngnmjjplncljhj/content.html]
[jenkaz.smallhost.pl/images/ab013_notifications.svg]
[jenkaz.smallhost.pl/demObywatel_admin_IGOR_aByw6/documents.html]
[jenkaz.smallhost.pl/dowod_files/favicon.ico]
[code.jquery.com/jquery-3.6.0.min.js]
[jenkaz.smallhost.pl/dowod_files/timenew.js]
[jenkaz.smallhost.pl/demObywatel_admin_IGOR_aByw6/zdjecie.png]
[jenkaz.smallhost.pl/dowod_files/flaga.gif]
[jenkaz.smallhost.pl/dowod_files/godlo.gif]
[jenkaz.smallhost.pl/dowod_files/checkbo.png]
[jenkaz.smallhost.pl/dowod_files/card.png]
[jenkaz.smallhost.pl/dowod_files/kosz.png]
[jenkaz.smallhost.pl/dowod_files/rozwijka.js]
[jenkaz.smallhost.pl/dowod_files/wybor.js]
[jenkaz.smallhost.pl/demObywatel_admin_IGOR_aByw6/dowodnowy.html]
[jenkaz.smallhost.pl/dowod_files/scale.js]
[jenkaz.smallhost.pl/images/coi_common_ui_ic_document_id.svg]
[jenkaz.smallhost.pl/images/CHANGE_IT_home_mid_card.svg]
[jenkaz.smallhost.pl/images/ic_arrow_forward_Dgray.svg]
[jenkaz.smallhost.pl/images/wybory.png]
[jenkaz.smallhost.pl/images/recepta.png]
[jenkaz.smallhost.pl/images/powodz.png]
[jenkaz.smallhost.pl/demObywatel_admin_IGOR_aByw6/services.html]
[jenkaz.smallhost.pl/images/da035_bezpiecznie_w_sieci.svg]
[jenkaz.smallhost.pl/images/da008_zastrzez_pesel.svg]
[jenkaz.smallhost.pl/images/da031_mbiznes.svg]
[jenkaz.smallhost.pl/images/da001_punkty_karne.svg]
[jenkaz.smallhost.pl/images/da025_ticket.svg]
[jenkaz.smallhost.pl/images/b001_home.svg]
[jenkaz.smallhost.pl/images/ad005_framed_person.svg]
[jenkaz.smallhost.pl/images/ac001_services.svg]
[jenkaz.smallhost.pl/demObywatel_admin_IGOR_aByw6/qr.html]
[jenkaz.smallhost.pl/images/ai001_scanner_qr.svg]
[jenkaz.smallhost.pl/demObywatel_admin_IGOR_aByw6/more.html]
[jenkaz.smallhost.pl/images/ab010_more.svg]
[jenkaz.smallhost.pl/cdn-cgi/challenge-platform/scripts/jsd/main.html]
[jenkaz.smallhost.pl/images/ab002_search_grey.svg]
[jenkaz.smallhost.pl/images/ic_arrow_forward_gray.svg]
[jenkaz.smallhost.pl/images/ab001_home.svg]
[jenkaz.smallhost.pl/images/b002_framed_person.svg]
[jenkaz.smallhost.pl/dowod_files/main.css]
[jenkaz.smallhost.pl/dowod_files/warstwa_1.png]
[jenkaz.smallhost.pl/dowod_files/warstwa_2.png]
[jenkaz.smallhost.pl/css/dowodnowy.css]
[jenkaz.smallhost.pl/dowod_files/pozdro.svg]
[jenkaz.smallhost.pl/dowod_files/madziamojakotka123.svg]
[jenkaz.smallhost.pl/dowod_files/normal_u391.svg]
[jenkaz.smallhost.pl/dowod_files/normal_u394.svg]
[jenkaz.smallhost.pl/dowod_files/normal_u393.svg]
[jenkaz.smallhost.pl/dowod_files/normal_u408.svg]
[jenkaz.smallhost.pl/dowod_files/checkmark.svg]
[jenkaz.smallhost.pl/dowod_files/arrow.svg]
[jenkaz.smallhost.pl/images/arrow1.svg]
[jenkaz.smallhost.pl/cdnjs.cloudflare.com/ajax/libs/font-awesome/6.0.0-beta3/css/all.min.html]
[jenkaz.smallhost.pl/images/bon_energetyczny.svg]
[jenkaz.smallhost.pl/images/b004_services.svg]
[jenkaz.smallhost.pl/images/ai002_confirm_identity.svg]
[jenkaz.smallhost.pl/images/ai003_check_document.svg]
[jenkaz.smallhost.pl/images/b003_scanner_qr.svg]
[jenkaz.smallhost.pl/images/b005_more.svg]
[jenkaz.smallhost.pl/images/aa008_change_password.svg]
[jenkaz.smallhost.pl/images/aa009_fingerprint.svg]
[jenkaz.smallhost.pl/images/ag005_globe.svg]
[jenkaz.smallhost.pl/images/ae001_published_certificate.svg]
[jenkaz.smallhost.pl/images/aa016_history.svg]
[jenkaz.smallhost.pl/images/coi_common_ui_ic_help.svg]
[jenkaz.smallhost.pl/dowod_files/dowodnowybg.svg]
[jenkaz.smallhost.pl/dowod_files/wybierzitem1.html]
[jenkaz.smallhost.pl/dowod_files/wybierzitem2.html]
